device=cuda
model=TM-1bit-core ffn=tensormatics binary_ffn=True binary_attn=True
params=3,895,890 binary_layers=42
  total_params=3,895,890 binary_params=3,804,192
starting 50000 steps (eval every 2000)
step  2000 | tr_loss 2.4079 | val_loss 2.4093 | val_ppl 11.13 | val_acc 0.286 avg_flip=7.73% avg_pos=50.0%
step  4000 | tr_loss 2.1770 | val_loss 2.1973 | val_ppl 9.00 | val_acc 0.352 avg_flip=7.98% avg_pos=50.0%
step  6000 | tr_loss 1.8368 | val_loss 1.8563 | val_ppl 6.40 | val_acc 0.440 avg_flip=8.46% avg_pos=50.0%
step  8000 | tr_loss 1.7397 | val_loss 1.7361 | val_ppl 5.68 | val_acc 0.469 avg_flip=7.85% avg_pos=50.0%
step 10000 | tr_loss 1.7205 | val_loss 1.6900 | val_ppl 5.42 | val_acc 0.483 avg_flip=6.34% avg_pos=50.0%
step 12000 | tr_loss 1.6415 | val_loss 1.6451 | val_ppl 5.18 | val_acc 0.494 avg_flip=5.77% avg_pos=50.0%
step 14000 | tr_loss 1.5974 | val_loss 1.6081 | val_ppl 4.99 | val_acc 0.503 avg_flip=5.59% avg_pos=50.0%
step 16000 | tr_loss 1.6161 | val_loss 1.5795 | val_ppl 4.85 | val_acc 0.513 avg_flip=5.27% avg_pos=50.0%
step 18000 | tr_loss 1.5970 | val_loss 1.5678 | val_ppl 4.80 | val_acc 0.514 avg_flip=5.02% avg_pos=50.0%
step 20000 | tr_loss 1.5294 | val_loss 1.5405 | val_ppl 4.67 | val_acc 0.521 avg_flip=4.88% avg_pos=50.0%
step 22000 | tr_loss 1.5327 | val_loss 1.5266 | val_ppl 4.60 | val_acc 0.525 avg_flip=4.78% avg_pos=50.0%
step 24000 | tr_loss 1.4786 | val_loss 1.5075 | val_ppl 4.52 | val_acc 0.530 avg_flip=4.68% avg_pos=50.0%
step 26000 | tr_loss 1.4831 | val_loss 1.5037 | val_ppl 4.50 | val_acc 0.531 avg_flip=4.63% avg_pos=50.0%
step 28000 | tr_loss 1.4836 | val_loss 1.4913 | val_ppl 4.44 | val_acc 0.535 avg_flip=4.59% avg_pos=50.0%
step 30000 | tr_loss 1.4944 | val_loss 1.4963 | val_ppl 4.47 | val_acc 0.531 avg_flip=4.53% avg_pos=50.0%
step 32000 | tr_loss 1.4655 | val_loss 1.4817 | val_ppl 4.40 | val_acc 0.539 avg_flip=4.46% avg_pos=50.0%
step 34000 | tr_loss 1.4863 | val_loss 1.4732 | val_ppl 4.36 | val_acc 0.539 avg_flip=4.44% avg_pos=50.0%
step 36000 | tr_loss 1.4831 | val_loss 1.4673 | val_ppl 4.34 | val_acc 0.540 avg_flip=4.37% avg_pos=50.0%
step 38000 | tr_loss 1.5158 | val_loss 1.4676 | val_ppl 4.34 | val_acc 0.540 avg_flip=4.33% avg_pos=50.0%
step 40000 | tr_loss 1.4819 | val_loss 1.4602 | val_ppl 4.31 | val_acc 0.543 avg_flip=4.30% avg_pos=50.0%
step 42000 | tr_loss 1.4385 | val_loss 1.4476 | val_ppl 4.25 | val_acc 0.547 avg_flip=4.26% avg_pos=50.0%
step 44000 | tr_loss 1.4766 | val_loss 1.4586 | val_ppl 4.30 | val_acc 0.542 avg_flip=4.24% avg_pos=50.1%
step 46000 | tr_loss 1.4570 | val_loss 1.4528 | val_ppl 4.28 | val_acc 0.545 avg_flip=4.20% avg_pos=50.1%
step 48000 | tr_loss 1.4684 | val_loss 1.4415 | val_ppl 4.23 | val_acc 0.548 avg_flip=4.19% avg_pos=50.0%
step 50000 | tr_loss 1.4415 | val_loss 1.4451 | val_ppl 4.24 | val_acc 0.546 avg_flip=4.16% avg_pos=50.0%
done. best_val_loss=1.4415 log=out\TM-1bit-core_F2-50k_log.jsonl
JSONL log: out\TM-1bit-core_F2-50k_log.jsonl
